// Jest Snapshot v1, https://goo.gl/fbAQLP

exports[`Example renders the component 1`] = `
<div
  className="container"
>
  <div
    className="row justify-content-center"
  >
    <div
      className="col-md-8"
    >
      <div
        className="card"
      >
        <div
          className="card-header"
        >
          Example Component
        </div>
        <div
          className="card-body"
        >
          I'm an example component.
        </div>
      </div>
    </div>
  </div>
</div>
`;
